################################################################################
#                                                                              #
#      IAR Universal Linker V5.6.0.36                                          #
#                                                                              #
#           Link time     =  04/Mar/2014  15:15:31                             #
#           Target CPU    =  RL78                                              #
#           List file     =  "C:\Users\Alex\Documents\Teaching\ESD\2014 Spring #
#                            \Projects\Project2\uCOS-III-LCD-G14\Software\Eval #
#                            Boards\Renesas\YRDKRL78G14\IAR\Application\Debug\ #
#                            List\uCOS-III.map"                                #
#           Output file 1 =  "C:\Users\Alex\Documents\Teaching\ESD\2014 Spring #
#                            \Projects\Project2\uCOS-III-LCD-G14\Software\Eval #
#                            Boards\Renesas\YRDKRL78G14\IAR\Application\Debug\ #
#                            Exe\uCOS-III.d87"                                 #
#                            Format: debug                                     #
#                            UBROF version 10.0.6                              #
#                            Using library modules for C-SPY (-rt)             #
#           Command line  =  "C:\Users\Alex\Documents\Teaching\ESD\2014 Spring #
#                            \Projects\Project2\uCOS-III-LCD-G14\Software\Eval #
#                            Boards\Renesas\YRDKRL78G14\IAR\Application\Debug\ #
#                            Obj\RDKRL78_spi.r87"                              #
#                            "C:\Users\Alex\Documents\Teaching\ESD\2014 Spring #
#                            \Projects\Project2\uCOS-III-LCD-G14\Software\Eval #
#                            Boards\Renesas\YRDKRL78G14\IAR\Application\Debug\ #
#                            Obj\ST7579_LCD.r87"                               #
#                            "C:\Users\Alex\Documents\Teaching\ESD\2014 Spring #
#                            \Projects\Project2\uCOS-III-LCD-G14\Software\Eval #
#                            Boards\Renesas\YRDKRL78G14\IAR\Application\Debug\ #
#                            Obj\YRDKRL78_SPI.r87"                             #
#                            "C:\Users\Alex\Documents\Teaching\ESD\2014 Spring #
#                            \Projects\Project2\uCOS-III-LCD-G14\Software\Eval #
#                            Boards\Renesas\YRDKRL78G14\IAR\Application\Debug\ #
#                            Obj\app.r87"                                      #
#                            "C:\Users\Alex\Documents\Teaching\ESD\2014 Spring #
#                            \Projects\Project2\uCOS-III-LCD-G14\Software\Eval #
#                            Boards\Renesas\YRDKRL78G14\IAR\Application\Debug\ #
#                            Obj\bitmap_font.r87"                              #
#                            "C:\Users\Alex\Documents\Teaching\ESD\2014 Spring #
#                            \Projects\Project2\uCOS-III-LCD-G14\Software\Eval #
#                            Boards\Renesas\YRDKRL78G14\IAR\Application\Debug\ #
#                            Obj\bsp.r87"                                      #
#                            "C:\Users\Alex\Documents\Teaching\ESD\2014 Spring #
#                            \Projects\Project2\uCOS-III-LCD-G14\Software\Eval #
#                            Boards\Renesas\YRDKRL78G14\IAR\Application\Debug\ #
#                            Obj\cpu_bsp.r87"                                  #
#                            "C:\Users\Alex\Documents\Teaching\ESD\2014 Spring #
#                            \Projects\Project2\uCOS-III-LCD-G14\Software\Eval #
#                            Boards\Renesas\YRDKRL78G14\IAR\Application\Debug\ #
#                            Obj\cpu_core.r87"                                 #
#                            "C:\Users\Alex\Documents\Teaching\ESD\2014 Spring #
#                            \Projects\Project2\uCOS-III-LCD-G14\Software\Eval #
#                            Boards\Renesas\YRDKRL78G14\IAR\Application\Debug\ #
#                            Obj\font_8x16.r87"                                #
#                            "C:\Users\Alex\Documents\Teaching\ESD\2014 Spring #
#                            \Projects\Project2\uCOS-III-LCD-G14\Software\Eval #
#                            Boards\Renesas\YRDKRL78G14\IAR\Application\Debug\ #
#                            Obj\font_8x8.r87"                                 #
#                            "C:\Users\Alex\Documents\Teaching\ESD\2014 Spring #
#                            \Projects\Project2\uCOS-III-LCD-G14\Software\Eval #
#                            Boards\Renesas\YRDKRL78G14\IAR\Application\Debug\ #
#                            Obj\font_helvr10.r87"                             #
#                            "C:\Users\Alex\Documents\Teaching\ESD\2014 Spring #
#                            \Projects\Project2\uCOS-III-LCD-G14\Software\Eval #
#                            Boards\Renesas\YRDKRL78G14\IAR\Application\Debug\ #
#                            Obj\font_logos.r87"                               #
#                            "C:\Users\Alex\Documents\Teaching\ESD\2014 Spring #
#                            \Projects\Project2\uCOS-III-LCD-G14\Software\Eval #
#                            Boards\Renesas\YRDKRL78G14\IAR\Application\Debug\ #
#                            Obj\font_winfreesystem14x16.r87"                  #
#                            "C:\Users\Alex\Documents\Teaching\ESD\2014 Spring #
#                            \Projects\Project2\uCOS-III-LCD-G14\Software\Eval #
#                            Boards\Renesas\YRDKRL78G14\IAR\Application\Debug\ #
#                            Obj\font_x5x7.r87"                                #
#                            "C:\Users\Alex\Documents\Teaching\ESD\2014 Spring #
#                            \Projects\Project2\uCOS-III-LCD-G14\Software\Eval #
#                            Boards\Renesas\YRDKRL78G14\IAR\Application\Debug\ #
#                            Obj\font_x6x13.r87"                               #
#                            "C:\Users\Alex\Documents\Teaching\ESD\2014 Spring #
#                            \Projects\Project2\uCOS-III-LCD-G14\Software\Eval #
#                            Boards\Renesas\YRDKRL78G14\IAR\Application\Debug\ #
#                            Obj\glyph.r87"                                    #
#                            "C:\Users\Alex\Documents\Teaching\ESD\2014 Spring #
#                            \Projects\Project2\uCOS-III-LCD-G14\Software\Eval #
#                            Boards\Renesas\YRDKRL78G14\IAR\Application\Debug\ #
#                            Obj\glyph_register.r87"                           #
#                            "C:\Users\Alex\Documents\Teaching\ESD\2014 Spring #
#                            \Projects\Project2\uCOS-III-LCD-G14\Software\Eval #
#                            Boards\Renesas\YRDKRL78G14\IAR\Application\Debug\ #
#                            Obj\lcd.r87"                                      #
#                            "C:\Users\Alex\Documents\Teaching\ESD\2014 Spring #
#                            \Projects\Project2\uCOS-III-LCD-G14\Software\Eval #
#                            Boards\Renesas\YRDKRL78G14\IAR\Application\Debug\ #
#                            Obj\lib_ascii.r87"                                #
#                            "C:\Users\Alex\Documents\Teaching\ESD\2014 Spring #
#                            \Projects\Project2\uCOS-III-LCD-G14\Software\Eval #
#                            Boards\Renesas\YRDKRL78G14\IAR\Application\Debug\ #
#                            Obj\lib_math.r87"                                 #
#                            "C:\Users\Alex\Documents\Teaching\ESD\2014 Spring #
#                            \Projects\Project2\uCOS-III-LCD-G14\Software\Eval #
#                            Boards\Renesas\YRDKRL78G14\IAR\Application\Debug\ #
#                            Obj\lib_mem.r87"                                  #
#                            "C:\Users\Alex\Documents\Teaching\ESD\2014 Spring #
#                            \Projects\Project2\uCOS-III-LCD-G14\Software\Eval #
#                            Boards\Renesas\YRDKRL78G14\IAR\Application\Debug\ #
#                            Obj\lib_str.r87"                                  #
#                            "C:\Users\Alex\Documents\Teaching\ESD\2014 Spring #
#                            \Projects\Project2\uCOS-III-LCD-G14\Software\Eval #
#                            Boards\Renesas\YRDKRL78G14\IAR\Application\Debug\ #
#                            Obj\os_app_hooks.r87"                             #
#                            "C:\Users\Alex\Documents\Teaching\ESD\2014 Spring #
#                            \Projects\Project2\uCOS-III-LCD-G14\Software\Eval #
#                            Boards\Renesas\YRDKRL78G14\IAR\Application\Debug\ #
#                            Obj\os_cfg_app.r87"                               #
#                            "C:\Users\Alex\Documents\Teaching\ESD\2014 Spring #
#                            \Projects\Project2\uCOS-III-LCD-G14\Software\Eval #
#                            Boards\Renesas\YRDKRL78G14\IAR\Application\Debug\ #
#                            Obj\os_core.r87"                                  #
#                            "C:\Users\Alex\Documents\Teaching\ESD\2014 Spring #
#                            \Projects\Project2\uCOS-III-LCD-G14\Software\Eval #
#                            Boards\Renesas\YRDKRL78G14\IAR\Application\Debug\ #
#                            Obj\os_cpu_a.r87"                                 #
#                            "C:\Users\Alex\Documents\Teaching\ESD\2014 Spring #
#                            \Projects\Project2\uCOS-III-LCD-G14\Software\Eval #
#                            Boards\Renesas\YRDKRL78G14\IAR\Application\Debug\ #
#                            Obj\os_cpu_c.r87"                                 #
#                            "C:\Users\Alex\Documents\Teaching\ESD\2014 Spring #
#                            \Projects\Project2\uCOS-III-LCD-G14\Software\Eval #
#                            Boards\Renesas\YRDKRL78G14\IAR\Application\Debug\ #
#                            Obj\os_dbg.r87"                                   #
#                            "C:\Users\Alex\Documents\Teaching\ESD\2014 Spring #
#                            \Projects\Project2\uCOS-III-LCD-G14\Software\Eval #
#                            Boards\Renesas\YRDKRL78G14\IAR\Application\Debug\ #
#                            Obj\os_flag.r87"                                  #
#                            "C:\Users\Alex\Documents\Teaching\ESD\2014 Spring #
#                            \Projects\Project2\uCOS-III-LCD-G14\Software\Eval #
#                            Boards\Renesas\YRDKRL78G14\IAR\Application\Debug\ #
#                            Obj\os_int.r87"                                   #
#                            "C:\Users\Alex\Documents\Teaching\ESD\2014 Spring #
#                            \Projects\Project2\uCOS-III-LCD-G14\Software\Eval #
#                            Boards\Renesas\YRDKRL78G14\IAR\Application\Debug\ #
#                            Obj\os_mem.r87"                                   #
#                            "C:\Users\Alex\Documents\Teaching\ESD\2014 Spring #
#                            \Projects\Project2\uCOS-III-LCD-G14\Software\Eval #
#                            Boards\Renesas\YRDKRL78G14\IAR\Application\Debug\ #
#                            Obj\os_msg.r87"                                   #
#                            "C:\Users\Alex\Documents\Teaching\ESD\2014 Spring #
#                            \Projects\Project2\uCOS-III-LCD-G14\Software\Eval #
#                            Boards\Renesas\YRDKRL78G14\IAR\Application\Debug\ #
#                            Obj\os_mutex.r87"                                 #
#                            "C:\Users\Alex\Documents\Teaching\ESD\2014 Spring #
#                            \Projects\Project2\uCOS-III-LCD-G14\Software\Eval #
#                            Boards\Renesas\YRDKRL78G14\IAR\Application\Debug\ #
#                            Obj\os_pend_multi.r87"                            #
#                            "C:\Users\Alex\Documents\Teaching\ESD\2014 Spring #
#                            \Projects\Project2\uCOS-III-LCD-G14\Software\Eval #
#                            Boards\Renesas\YRDKRL78G14\IAR\Application\Debug\ #
#                            Obj\os_prio.r87"                                  #
#                            "C:\Users\Alex\Documents\Teaching\ESD\2014 Spring #
#                            \Projects\Project2\uCOS-III-LCD-G14\Software\Eval #
#                            Boards\Renesas\YRDKRL78G14\IAR\Application\Debug\ #
#                            Obj\os_q.r87"                                     #
#                            "C:\Users\Alex\Documents\Teaching\ESD\2014 Spring #
#                            \Projects\Project2\uCOS-III-LCD-G14\Software\Eval #
#                            Boards\Renesas\YRDKRL78G14\IAR\Application\Debug\ #
#                            Obj\os_sem.r87"                                   #
#                            "C:\Users\Alex\Documents\Teaching\ESD\2014 Spring #
#                            \Projects\Project2\uCOS-III-LCD-G14\Software\Eval #
#                            Boards\Renesas\YRDKRL78G14\IAR\Application\Debug\ #
#                            Obj\os_stat.r87"                                  #
#                            "C:\Users\Alex\Documents\Teaching\ESD\2014 Spring #
#                            \Projects\Project2\uCOS-III-LCD-G14\Software\Eval #
#                            Boards\Renesas\YRDKRL78G14\IAR\Application\Debug\ #
#                            Obj\os_task.r87"                                  #
#                            "C:\Users\Alex\Documents\Teaching\ESD\2014 Spring #
#                            \Projects\Project2\uCOS-III-LCD-G14\Software\Eval #
#                            Boards\Renesas\YRDKRL78G14\IAR\Application\Debug\ #
#                            Obj\os_tick.r87"                                  #
#                            "C:\Users\Alex\Documents\Teaching\ESD\2014 Spring #
#                            \Projects\Project2\uCOS-III-LCD-G14\Software\Eval #
#                            Boards\Renesas\YRDKRL78G14\IAR\Application\Debug\ #
#                            Obj\os_time.r87"                                  #
#                            "C:\Users\Alex\Documents\Teaching\ESD\2014 Spring #
#                            \Projects\Project2\uCOS-III-LCD-G14\Software\Eval #
#                            Boards\Renesas\YRDKRL78G14\IAR\Application\Debug\ #
#                            Obj\os_tmr.r87"                                   #
#                            "C:\Users\Alex\Documents\Teaching\ESD\2014 Spring #
#                            \Projects\Project2\uCOS-III-LCD-G14\Software\Eval #
#                            Boards\Renesas\YRDKRL78G14\IAR\Application\Debug\ #
#                            Obj\os_var.r87"                                   #
#                            "C:\Users\Alex\Documents\Teaching\ESD\2014 Spring #
#                            \Projects\Project2\uCOS-III-LCD-G14\Software\Eval #
#                            Boards\Renesas\YRDKRL78G14\IAR\Application\Debug\ #
#                            Obj\r_cg_adc.r87"                                 #
#                            "C:\Users\Alex\Documents\Teaching\ESD\2014 Spring #
#                            \Projects\Project2\uCOS-III-LCD-G14\Software\Eval #
#                            Boards\Renesas\YRDKRL78G14\IAR\Application\Debug\ #
#                            Obj\r_cg_adc_user.r87"                            #
#                            "C:\Users\Alex\Documents\Teaching\ESD\2014 Spring #
#                            \Projects\Project2\uCOS-III-LCD-G14\Software\Eval #
#                            Boards\Renesas\YRDKRL78G14\IAR\Application\Debug\ #
#                            Obj\r_cg_cgc.r87"                                 #
#                            "C:\Users\Alex\Documents\Teaching\ESD\2014 Spring #
#                            \Projects\Project2\uCOS-III-LCD-G14\Software\Eval #
#                            Boards\Renesas\YRDKRL78G14\IAR\Application\Debug\ #
#                            Obj\r_cg_cgc_user.r87"                            #
#                            "C:\Users\Alex\Documents\Teaching\ESD\2014 Spring #
#                            \Projects\Project2\uCOS-III-LCD-G14\Software\Eval #
#                            Boards\Renesas\YRDKRL78G14\IAR\Application\Debug\ #
#                            Obj\r_cg_it.r87"                                  #
#                            "C:\Users\Alex\Documents\Teaching\ESD\2014 Spring #
#                            \Projects\Project2\uCOS-III-LCD-G14\Software\Eval #
#                            Boards\Renesas\YRDKRL78G14\IAR\Application\Debug\ #
#                            Obj\r_cg_it_user.r87"                             #
#                            "C:\Users\Alex\Documents\Teaching\ESD\2014 Spring #
#                            \Projects\Project2\uCOS-III-LCD-G14\Software\Eval #
#                            Boards\Renesas\YRDKRL78G14\IAR\Application\Debug\ #
#                            Obj\r_cg_port.r87"                                #
#                            "C:\Users\Alex\Documents\Teaching\ESD\2014 Spring #
#                            \Projects\Project2\uCOS-III-LCD-G14\Software\Eval #
#                            Boards\Renesas\YRDKRL78G14\IAR\Application\Debug\ #
#                            Obj\r_cg_port_user.r87"                           #
#                            "C:\Users\Alex\Documents\Teaching\ESD\2014 Spring #
#                            \Projects\Project2\uCOS-III-LCD-G14\Software\Eval #
#                            Boards\Renesas\YRDKRL78G14\IAR\Application\Debug\ #
#                            Obj\r_cg_serial.r87"                              #
#                            "C:\Users\Alex\Documents\Teaching\ESD\2014 Spring #
#                            \Projects\Project2\uCOS-III-LCD-G14\Software\Eval #
#                            Boards\Renesas\YRDKRL78G14\IAR\Application\Debug\ #
#                            Obj\r_cg_serial_user.r87"                         #
#                            "C:\Users\Alex\Documents\Teaching\ESD\2014 Spring #
#                            \Projects\Project2\uCOS-III-LCD-G14\Software\Eval #
#                            Boards\Renesas\YRDKRL78G14\IAR\Application\Debug\ #
#                            Obj\r_cg_timer.r87"                               #
#                            "C:\Users\Alex\Documents\Teaching\ESD\2014 Spring #
#                            \Projects\Project2\uCOS-III-LCD-G14\Software\Eval #
#                            Boards\Renesas\YRDKRL78G14\IAR\Application\Debug\ #
#                            Obj\r_cg_timer_user.r87"                          #
#                            "C:\Users\Alex\Documents\Teaching\ESD\2014 Spring #
#                            \Projects\Project2\uCOS-III-LCD-G14\Software\Eval #
#                            Boards\Renesas\YRDKRL78G14\IAR\Application\Debug\ #
#                            Obj\r_main.r87"                                   #
#                            "C:\Users\Alex\Documents\Teaching\ESD\2014 Spring #
#                            \Projects\Project2\uCOS-III-LCD-G14\Software\Eval #
#                            Boards\Renesas\YRDKRL78G14\IAR\Application\Debug\ #
#                            Obj\r_systeminit.r87"                             #
#                            -o                                                #
#                            "C:\Users\Alex\Documents\Teaching\ESD\2014 Spring #
#                            \Projects\Project2\uCOS-III-LCD-G14\Software\Eval #
#                            Boards\Renesas\YRDKRL78G14\IAR\Application\Debug\ #
#                            Exe\uCOS-III.d87"                                 #
#                            -z -l                                             #
#                            "C:\Users\Alex\Documents\Teaching\ESD\2014 Spring #
#                            \Projects\Project2\uCOS-III-LCD-G14\Software\Eval #
#                            Boards\Renesas\YRDKRL78G14\IAR\Application\Debug\ #
#                            List\uCOS-III.map"                                #
#                            -xmsn                                             #
#                            "-IC:\Program Files (x86)\IAR Systems\Embedded Wo #
#                            rkbench 6.5\rl78\LIB\"                            #
#                            -f                                                #
#                            "C:\Program Files (x86)\IAR Systems\Embedded Work #
#                            bench 6.5\rl78\config\lnkr5f104pj.xcl"            #
#                            (-cRL78 -Z(CODE)INTVEC=00000-0007F                #
#                            -Z(CODE)CLTVEC=00080-000BF                        #
#                            -Z(CODE)OPTBYTE=000C0-000C3                       #
#                            -Z(CODE)SECUID=000C4-000CD --segment_mirror       #
#                            @NEAR_CONST=NEAR_CONST_ID                         #
#                            -Z(CONST)NEAR_CONST_ID=_NEAR_CONST_LOCATION_START #
#                            -_NEAR_CONST_LOCATION_END                         #
#                            -Z(DATA)NEAR_CONST=(_NEAR_CONST_LOCATION_START+F0 #
#                            000)-(_NEAR_CONST_LOCATION_END+F0000)             #
#                            -Z(CODE)RCODE,CODE=000D8-0FFFF                    #
#                            -Z(CONST)SWITCH=000D8-0FDFF                       #
#                            -Z(CONST)NEAR_ID=[000D8-0FDFF]/10000              #
#                            -Z(CONST)SADDR_ID=[000D8-0FDFF]/10000             #
#                            -Z(CONST)DIFUNCT=[000D8-0FDFF]/10000              #
#                            -Z(CONST)FAR_ID=[09F00-3FDFF]/10000               #
#                            -Z(DATA)FAR_I=[F9F00-FFE1F]/10000                 #
#                            -P(CONST)FAR_CONST,FSWITCH=[000D8-3FDFF]/10000    #
#                            -P(CODE)XCODE=[000D8-3FDFF]/10000                 #
#                            -Z(DATA)EEPROM=F1000-F2FFF                        #
#                            -Z(DATA)WRKSEG=FFE20-FFEDF                        #
#                            -Z(DATA)SADDR_I,SADDR_Z,SADDR_N=FFE20-FFEDF       #
#                            -Z(DATA)NEAR_I,NEAR_Z,NEAR_N=F9F00-FFE1F          #
#                            -Z(DATA)FAR_Z=[F9F00-FFE1F]/10000                 #
#                            -P(DATA)FAR_N=[F9F00-FFE1F]/10000                 #
#                            -Z(DATA)NEAR_HEAP+_NEAR_HEAP_SIZE=F9F00-FFE1F     #
#                            -Z(DATA)FAR_HEAP+_FAR_HEAP_SIZE=[F9F00-FFE1F]/100 #
#                            00                                                #
#                            -Z(DATA)CSTACK+_CSTACK_SIZE=F9F00-FFE1F) -rt -s   #
#                            __program_start -D_NEAR_CONST_LOCATION=0          #
#                            -D_NEAR_CONST_LOCATION_START=3000                 #
#                            -D_NEAR_CONST_LOCATION_END=9EFF                   #
#                            "C:\Program Files (x86)\IAR Systems\Embedded Work #
#                            bench 6.5\rl78\LIB\dlrl78nn2n.r87"                #
#                            -e_PrintfSmall=_Printf -e_ScanfSmall=_Scanf       #
#                            -D_CSTACK_SIZE=200 -D_NEAR_HEAP_SIZE=80           #
#                            -D_FAR_HEAP_SIZE=1000                             #
#                                                                              #
#                           Copyright (C) 1987-2013 IAR Systems AB.            #
################################################################################





                ****************************************
                *                                      *
                *           CROSS REFERENCE            *
                *                                      *
                ****************************************

       Program entry at :           000000DD  Relocatable, from module : ?CSTARTUP




                ****************************************
                *                                      *
                *            RUNTIME MODEL             *
                *                                      *
                ****************************************

  __Heap_Handler             = Basic
  __SystemLibrary            = DLib
  __code_model               = near
  __core                     = rl78_2
  __data_model               = near
  __dlib_file_descriptor     = 0
  __dlib_full_locale_support = 0
  __far_rt_calls             = false
  __rt_version               = 1

                ****************************************
                *                                      *
                *    AUTOMATIC SYMBOL REDIRECTIONS     *
                *                                      *
                ****************************************

                  There are no automatic symbol redirections.



                ****************************************
                *                                      *
                *              MODULE MAP              *
                *                                      *
                ****************************************


  DEFINED ABSOLUTE ENTRIES
    *************************************************************************

  DEFINED ABSOLUTE ENTRIES
  PROGRAM MODULE, NAME : ?ABS_ENTRY_MOD

Absolute parts
           ENTRY                   ADDRESS         REF BY
           =====                   =======         ======
           _FAR_HEAP_SIZE          00001000 
           _NEAR_HEAP_SIZE         00000080 
           _CSTACK_SIZE            00000200 
           _NEAR_CONST_LOCATION_END
                                   00009EFF 
           _NEAR_CONST_LOCATION_START
                                   00003000 
           _NEAR_CONST_LOCATION    00000000        Segment part 3 (?CSTARTUP)
    *************************************************************************

  FILE NAME : C:\Users\Alex\Documents\Teaching\ESD\2014 Spring\Projects\Project2\uCOS-III-LCD-G14\Software\EvalBoards\Renesas\YRDKRL78G14\IAR\Application\Debug\Obj\RDKRL78_spi.r87
  PROGRAM MODULE, NAME : RDKRL78_spi

  SEGMENTS IN THE MODULE
  ======================
SADDR_A
  Relative segment, address: 000FFF0D - 000FFF0D (0x1 bytes), align: 0
  Segment part 1. ROOT.       Intra module refs:   LCD_SPI_Open (YRDKRL78_SPI)
                                                   R_PORT_Create (r_cg_port)
           ENTRY                   ADDRESS         REF BY
           =====                   =======         ======
           _A_P13                  000FFF0D 
           LOCAL                   ADDRESS         
           =====                   =======         
           P13                     000FFF0D 
           P13_bit                 000FFF0D 
    -------------------------------------------------------------------------
SADDR_A
  Relative segment, address: 000FFF0E - 000FFF0E (0x1 bytes), align: 0
  Segment part 2. ROOT.       Intra module refs:   LCD_SPI_CommandSend (YRDKRL78_SPI)
                                                   LCD_SPI_DataSend (YRDKRL78_SPI)
                                                   LCD_SPI_Open (YRDKRL78_SPI)
                                                   R_PORT_Create (r_cg_port)
           ENTRY                   ADDRESS         REF BY
           =====                   =======         ======
           _A_P14                  000FFF0E 
           LOCAL                   ADDRESS         
           =====                   =======         
           P14                     000FFF0E 
           P14_bit                 000FFF0E 

    *************************************************************************

  FILE NAME : C:\Users\Alex\Documents\Teaching\ESD\2014 Spring\Projects\Project2\uCOS-III-LCD-G14\Software\EvalBoards\Renesas\YRDKRL78G14\IAR\Application\Debug\Obj\ST7579_LCD.r87
  PROGRAM MODULE, NAME : ST7579_LCD

  SEGMENTS IN THE MODULE
  ======================
CODE
  Relative segment, address: 000046B4 - 0000472B (0x78 bytes), align: 0
  Segment part 2.
           ENTRY                   ADDRESS         REF BY
           =====                   =======         ======
           ST7579_Open             000046B4        GlyphLCDOpen (glyph_register)
               calls direct
               CSTACK = 00000004 ( 00000004 )
    -------------------------------------------------------------------------
CODE
  Relative segment, address: 0000472C - 0000472D (0x2 bytes), align: 0
  Segment part 3.             Intra module refs:   ST7579_Send16bitsCommand
                                                   ST7579_SetFrameRate
           LOCAL                   ADDRESS         
           =====                   =======         
           ?Subroutine0            0000472C 
    -------------------------------------------------------------------------
CODE
  Relative segment, address: 0000472E - 0000472F (0x2 bytes), align: 0
  Segment part 4.             Intra module refs:   ?Subroutine0
                                                   ST7579_Open
                                                   ST7579_SetVO_Range
    -------------------------------------------------------------------------
CODE
  Relative segment, address: 00004730 - 00004734 (0x5 bytes), align: 0
  Segment part 5.             Intra module refs:   ST7579_Read
                                                   Segment part 4
    -------------------------------------------------------------------------
CODE
  Relative segment, address: 00004735 - 00004736 (0x2 bytes), align: 0
  Segment part 6.
           ENTRY                   ADDRESS         REF BY
           =====                   =======         ======
           ST7579_Close            00004735        GlyphLCDOpen (glyph_register)
    -------------------------------------------------------------------------
CODE
  Relative segment, address: 00004737 - 00004C37 (0x501 bytes), align: 0
  Segment part 7.             Intra module refs:   Segment part 45
                                                   Segment part 46
           ENTRY                   ADDRESS         REF BY
           =====                   =======         ======
           ST7579_Write            00004737        GlyphLCDOpen (glyph_register)
               calls direct and indirect
               CSTACK = 00000008 ( 00000018 )
    -------------------------------------------------------------------------
CODE
  Relative segment, address: 00004C38 - 00004C3C (0x5 bytes), align: 0
  Segment part 8.             Intra module refs:   ST7579_Write
           LOCAL                   ADDRESS         
           =====                   =======         
           ?Subroutine17           00004C38 
    -------------------------------------------------------------------------
CODE
  Relative segment, address: 00004C3D - 00004C3D (0x1 bytes), align: 0
  Segment part 9.             Intra module refs:   ST7579_Read
                                                   ST7579_Write
           LOCAL                   ADDRESS         
           =====                   =======         
           ?Subroutine15           00004C3D 
    -------------------------------------------------------------------------
CODE
  Relative segment, address: 00004C3E - 00004C44 (0x7 bytes), align: 0
  Segment part 10.            Intra module refs:   ?Subroutine15
                                                   ST7579_Config
    -------------------------------------------------------------------------
CODE
  Relative segment, address: 00004C45 - 00004C45 (0x1 bytes), align: 0
  Segment part 11.            Intra module refs:   ST7579_Read
                                                   ST7579_Write
           LOCAL                   ADDRESS         
           =====                   =======         
           ?Subroutine14           00004C45 
    -------------------------------------------------------------------------
CODE
  Relative segment, address: 00004C46 - 00004C4C (0x7 bytes), align: 0
  Segment part 12.            Intra module refs:   ?Subroutine14
                                                   ST7579_Config
    -------------------------------------------------------------------------
CODE
  Relative segment, address: 00004C4D - 00004C52 (0x6 bytes), align: 0
  Segment part 13.            Intra module refs:   ST7579_Write
           LOCAL                   ADDRESS         
           =====                   =======         
           ?Subroutine13           00004C4D 
    -------------------------------------------------------------------------
CODE
  Relative segment, address: 00004C53 - 00004C5D (0xb bytes), align: 0
  Segment part 14.            Intra module refs:   ST7579_Write
           LOCAL                   ADDRESS         
           =====                   =======         
           ?Subroutine8            00004C53 
    -------------------------------------------------------------------------
CODE
  Relative segment, address: 00004C5E - 00004C65 (0x8 bytes), align: 0
  Segment part 15.            Intra module refs:   ST7579_Write
           LOCAL                   ADDRESS         
           =====                   =======         
           ?Subroutine7            00004C5E 
    -------------------------------------------------------------------------
CODE
  Relative segment, address: 00004C66 - 00004C6F (0xa bytes), align: 0
  Segment part 16.            Intra module refs:   ST7579_Write
           LOCAL                   ADDRESS         
           =====                   =======         
           ?Subroutine5            00004C66 
    -------------------------------------------------------------------------
CODE
  Relative segment, address: 00004C70 - 00004C72 (0x3 bytes), align: 0
  Segment part 17.            Intra module refs:   ST7579_Write
           LOCAL                   ADDRESS         
           =====                   =======         
           ?Subroutine1            00004C70 
    -------------------------------------------------------------------------
CODE
  Relative segment, address: 00004C73 - 00004C77 (0x5 bytes), align: 0
  Segment part 18.            Intra module refs:   ?Subroutine1
                                                   ?Subroutine2
           LOCAL                   ADDRESS         
           =====                   =======         
           ?Subroutine20           00004C73 
    -------------------------------------------------------------------------
CODE
  Relative segment, address: 00004C78 - 00004D4A (0xd3 bytes), align: 0
  Segment part 19.            Intra module refs:   Segment part 47
           ENTRY                   ADDRESS         REF BY
           =====                   =======         ======
           ST7579_Read             00004C78        GlyphLCDOpen (glyph_register)
               CSTACK = 00000004 ( 00000006 )
    -------------------------------------------------------------------------
CODE
  Relative segment, address: 00004D4B - 00004D55 (0xb bytes), align: 0
  Segment part 20.            Intra module refs:   ST7579_Read
                                                   ST7579_Write
           LOCAL                   ADDRESS         
           =====                   =======         
           ?Subroutine16           00004D4B 
    -------------------------------------------------------------------------
CODE
  Relative segment, address: 00004D56 - 00004D5E (0x9 bytes), align: 0
  Segment part 21.            Intra module refs:   ST7579_Read
                                                   ST7579_Write
           LOCAL                   ADDRESS         
           =====                   =======         
           ?Subroutine12           00004D56 
    -------------------------------------------------------------------------
CODE
  Relative segment, address: 00004D5F - 00004D67 (0x9 bytes), align: 0
  Segment part 22.            Intra module refs:   ST7579_Read
                                                   ST7579_Write
           LOCAL                   ADDRESS         
           =====                   =======         
           ?Subroutine11           00004D5F 
    -------------------------------------------------------------------------
CODE
  Relative segment, address: 00004D68 - 00004D70 (0x9 bytes), align: 0
  Segment part 23.            Intra module refs:   ST7579_Read
                                                   ST7579_Write
           LOCAL                   ADDRESS         
           =====                   =======         
           ?Subroutine10           00004D68 
    -------------------------------------------------------------------------
CODE
  Relative segment, address: 00004D71 - 00004D79 (0x9 bytes), align: 0
  Segment part 24.            Intra module refs:   ST7579_Read
                                                   ST7579_Write
           LOCAL                   ADDRESS         
           =====                   =======         
           ?Subroutine9            00004D71 
    -------------------------------------------------------------------------
CODE
  Relative segment, address: 00004D7A - 00004E18 (0x9f bytes), align: 0
  Segment part 25.            Intra module refs:   ST7579_Config
                                                   ST7579_Write
                                                   Segment part 48
           ENTRY                   ADDRESS         REF BY
           =====                   =======         ======
           ST7579_SetSystemBiasBooster
                                   00004D7A 
               calls indirect
               CSTACK = 00000000 ( 00000008 )
    -------------------------------------------------------------------------
CODE
  Relative segment, address: 00004E19 - 00004EA1 (0x89 bytes), align: 0
  Segment part 26.            Intra module refs:   ST7579_Config
                                                   ST7579_Write
           ENTRY                   ADDRESS         REF BY
           =====                   =======         ======
           ST7579_SetVO_Range      00004E19 
               calls indirect
               CSTACK = 00000004 ( 0000000C )
    -------------------------------------------------------------------------
CODE
  Relative segment, address: 00004EA2 - 00004EA4 (0x3 bytes), align: 0
  Segment part 27.            Intra module refs:   ST7579_SetChar
                                                   ST7579_SetLine
                                                   ST7579_SetPage
                                                   ST7579_SetSystemBiasBooster
                                                   ST7579_SetVO_Range
           LOCAL                   ADDRESS         
           =====                   =======         
           ?Subroutine3            00004EA2 
    -------------------------------------------------------------------------
CODE
  Relative segment, address: 00004EA5 - 00004EA7 (0x3 bytes), align: 0
  Segment part 28.            Intra module refs:   ?Subroutine3
                                                   ST7579_Send16bitsCommand
    -------------------------------------------------------------------------
CODE
  Relative segment, address: 00004EA8 - 00004EAD (0x6 bytes), align: 0
  Segment part 29.            Intra module refs:   ST7579_Write
                                                   Segment part 28
    -------------------------------------------------------------------------
CODE
  Relative segment, address: 00004EAE - 00004EDA (0x2d bytes), align: 0
  Segment part 30.            Intra module refs:   ST7579_Open
           ENTRY                   ADDRESS         REF BY
           =====                   =======         ======
           ST7579_Config           00004EAE 
               calls direct
               CSTACK = 00000000 ( 00000008 )
    -------------------------------------------------------------------------
CODE
  Relative segment, address: 00004EDB - 00004EF5 (0x1b bytes), align: 0
  Segment part 31.            Intra module refs:   ST7579_Write
           ENTRY                   ADDRESS         REF BY
           =====                   =======         ======
           ST7579_Send16bitsCommand
                                   00004EDB 
               calls indirect
               CSTACK = 00000004 ( 00000004 )
    -------------------------------------------------------------------------
CODE
  Relative segment, address: 00004EF6 - 00004F6B (0x76 bytes), align: 0
  Segment part 33.            Intra module refs:   ST7579_Config
                                                   ST7579_Write
           ENTRY                   ADDRESS         REF BY
           =====                   =======         ======
           ST7579_SetFrameRate     00004EF6 
               calls indirect
               CSTACK = 00000004 ( 00000004 )
    -------------------------------------------------------------------------
CODE
  Relative segment, address: 00004F6C - 00004F6C (0x1 bytes), align: 0
  Segment part 34.            Intra module refs:   ST7579_Write
           LOCAL                   ADDRESS         
           =====                   =======         
           ?Subroutine19           00004F6C 
    -------------------------------------------------------------------------
CODE
  Relative segment, address: 00004F6D - 00004F72 (0x6 bytes), align: 0
  Segment part 35.            Intra module refs:   ?Subroutine19
                                                   ST7579_SetFrameRate
                                                   ST7579_Write
    -------------------------------------------------------------------------
CODE
  Relative segment, address: 00004F73 - 00004F7B (0x9 bytes), align: 0
  Segment part 36.            Intra module refs:   ST7579_Send16bitsCommand
                                                   ST7579_SetFrameRate
           LOCAL                   ADDRESS         
           =====                   =======         
           ?Subroutine18           00004F73 
    -------------------------------------------------------------------------
CODE
  Relative segment, address: 00004F7C - 00004FA4 (0x29 bytes), align: 0
  Segment part 37.            Intra module refs:   ST7579_Config
                                                   ST7579_Write
           ENTRY                   ADDRESS         REF BY
           =====                   =======         ======
           ST7579_SetPage          00004F7C 
               calls indirect
               CSTACK = 00000000 ( 00000004 )
    -------------------------------------------------------------------------
CODE
  Relative segment, address: 00004FA5 - 00004FAA (0x6 bytes), align: 0
  Segment part 38.            Intra module refs:   ST7579_SetChar
                                                   ST7579_SetPage
                                                   ST7579_SetSystemBiasBooster
                                                   ST7579_SetVO_Range
           LOCAL                   ADDRESS         
           =====                   =======         
           ?Subroutine6            00004FA5 
    -------------------------------------------------------------------------
CODE
  Relative segment, address: 00004FAB - 00004FB0 (0x6 bytes), align: 0
  Segment part 39.            Intra module refs:   ST7579_SetChar
                                                   ST7579_SetPage
                                                   ST7579_SetSystemBiasBooster
                                                   ST7579_SetVO_Range
           LOCAL                   ADDRESS         
           =====                   =======         
           ?Subroutine2            00004FAB 
    -------------------------------------------------------------------------
CODE
  Relative segment, address: 00004FB1 - 00004FD7 (0x27 bytes), align: 0
  Segment part 40.            Intra module refs:   ST7579_Config
                                                   ST7579_Write
           ENTRY                   ADDRESS         REF BY
           =====                   =======         ======
           ST7579_SetChar          00004FB1 
               calls indirect
               CSTACK = 00000000 ( 00000004 )
    -------------------------------------------------------------------------
CODE
  Relative segment, address: 00004FD8 - 00005046 (0x6f bytes), align: 0
  Segment part 41.            Intra module refs:   ST7579_Write
           ENTRY                   ADDRESS         REF BY
           =====                   =======         ======
           ST7579_SetLine          00004FD8 
               calls indirect
               CSTACK = 00000000 ( 00000008 )
    -------------------------------------------------------------------------
CODE
  Relative segment, address: 00005047 - 00005047 (0x1 bytes), align: 0
  Segment part 42.            Intra module refs:   ST7579_SetFrameRate
           LOCAL                   ADDRESS         
           =====                   =======         
           ?Subroutine4            00005047 
    -------------------------------------------------------------------------
CODE
  Relative segment, address: 00005048 - 0000504A (0x3 bytes), align: 0
  Segment part 43.            Intra module refs:   ?Subroutine4
                                                   ST7579_SetLine
                                                   ST7579_SetSystemBiasBooster
    -------------------------------------------------------------------------
CODE
  Relative segment, address: 0000504B - 0000504F (0x5 bytes), align: 0
  Segment part 44.            Intra module refs:   ST7579_Write
                                                   Segment part 43
    -------------------------------------------------------------------------
SWITCH
  Relative segment, address: 0000816A - 0000819B (0x32 bytes), align: 1
  Segment part 45.            Intra module refs:   ST7579_Write
    -------------------------------------------------------------------------
SWITCH
  Relative segment, address: 0000819C - 000081B3 (0x18 bytes), align: 1
  Segment part 46.            Intra module refs:   ST7579_Write
    -------------------------------------------------------------------------
SWITCH
  Relative segment, address: 000081B4 - 000081E7 (0x34 bytes), align: 1
  Segment part 47.            Intra module refs:   ST7579_Read
    -------------------------------------------------------------------------
SWITCH
  Relative segment, address: 000081E8 - 00008211 (0x2a bytes), align: 1
  Segment part 48.            Intra module refs:   ST7579_SetSystemBiasBooster

    *************************************************************************

  FILE NAME : C:\Users\Alex\Documents\Teaching\ESD\2014 Spring\Projects\Project2\uCOS-III-LCD-G14\Software\EvalBoards\Renesas\YRDKRL78G14\IAR\Application\Debug\Obj\YRDKRL78_SPI.r87
  PROGRAM MODULE, NAME : YRDKRL78_SPI

  SEGMENTS IN THE MODULE
  ======================
SADDR_A
  Relative segment, address: 000FFF07 - 000FFF07 (0x1 bytes), align: 0
  Segment part 1. ROOT.       Intra module refs:   LCD_SPI_Open
                                                   R_CSI21_Create (r_cg_serial)
           ENTRY                   ADDRESS         REF BY
           =====                   =======         ======
           _A_P7                   000FFF07 
           LOCAL                   ADDRESS         
           =====                   =======         
           P7                      000FFF07 
           P7_bit                  000FFF07 
    -------------------------------------------------------------------------
NEAR_A
  Relative segment, address: 000FFF27 - 000FFF27 (0x1 bytes), align: 0
  Segment part 4. ROOT.       Intra module refs:   LCD_SPI_Open
                                                   R_CSI21_Create (r_cg_serial)
                                                   R_PORT_Create (r_cg_port)
           ENTRY                   ADDRESS         REF BY
           =====                   =======         ======
           _A_PM7                  000FFF27 
           LOCAL                   ADDRESS         
           =====                   =======         
           PM7                     000FFF27 
           PM7_bit                 000FFF27 
    -------------------------------------------------------------------------
NEAR_A
  Relative segment, address: 000FFF2E - 000FFF2E (0x1 bytes), align: 0
  Segment part 5. ROOT.       Intra module refs:   LCD_SPI_Open
                                                   R_ADC_Create (r_cg_adc)
                                                   R_PORT_Create (r_cg_port)
           ENTRY                   ADDRESS         REF BY
           =====                   =======         ======
           _A_PM14                 000FFF2E 
           LOCAL                   ADDRESS         
           =====                   =======         
           PM14                    000FFF2E 
           PM14_bit                000FFF2E 
    -------------------------------------------------------------------------
NEAR_A
  Relative segment, address: 000FFF4A - 000FFF4B (0x2 bytes), align: 0
  Segment part 6. ROOT.       Intra module refs:   LCD_SPI_CommandSend
                                                   LCD_SPI_DataSend
                                                   LCD_SPI_Open
                                                   R_CSI21_Create (r_cg_serial)
                                                   r_csi21_interrupt (r_cg_serial_user)
           ENTRY                   ADDRESS         REF BY
           =====                   =======         ======
           _A_SDR11                000FFF4A 
           LOCAL                   ADDRESS         
           =====                   =======         
           RXD2                    000FFF4A 
           RXD2_bit                000FFF4A 
           SDR11                   000FFF4A 
           SDR11_bit               000FFF4A 
           SIO21                   000FFF4A 
           SIO21_bit               000FFF4A 
    -------------------------------------------------------------------------
NEAR_A
  Relative segment, address: 000FFFE0 - 000FFFE1 (0x2 bytes), align: 0
  Segment part 7. ROOT.       Intra module refs:   LCD_SPI_Open
                                                   R_CSI21_Create (r_cg_serial)
                                                   R_TAU0_Create (r_cg_timer)
           ENTRY                   ADDRESS         REF BY
           =====                   =======         ======
           _A_IF0                  000FFFE0 
           LOCAL                   ADDRESS         
           =====                   =======         
           IF0                     000FFFE0 
           IF0H                    000FFFE1 
           IF0H_bit                000FFFE1 
           IF0L                    000FFFE0 
           IF0L_bit                000FFFE0 
    -------------------------------------------------------------------------
NEAR_A
  Relative segment, address: 000FFFE4 - 000FFFE5 (0x2 bytes), align: 0
  Segment part 8. ROOT.       Intra module refs:   LCD_SPI_CommandSend
                                                   LCD_SPI_DataSend
                                                   LCD_SPI_Open
                                                   R_CSI21_Create (r_cg_serial)
                                                   R_TAU0_Create (r_cg_timer)
           ENTRY                   ADDRESS         REF BY
           =====                   =======         ======
           _A_MK0                  000FFFE4 
           LOCAL                   ADDRESS         
           =====                   =======         
           MK0                     000FFFE4 
           MK0H                    000FFFE5 
           MK0H_bit                000FFFE5 
           MK0L                    000FFFE4 
           MK0L_bit                000FFFE4 
    -------------------------------------------------------------------------
NEAR_A
  Relative segment, address: 000FFFE8 - 000FFFE9 (0x2 bytes), align: 0
  Segment part 9. ROOT.       Intra module refs:   LCD_SPI_Open
                                                   R_CSI21_Create (r_cg_serial)
           ENTRY                   ADDRESS         REF BY
           =====                   =======         ======
           _A_PR00                 000FFFE8 
           LOCAL                   ADDRESS         
           =====                   =======         
           PR00                    000FFFE8 
           PR00H                   000FFFE9 
           PR00H_bit               000FFFE9 
           PR00L                   000FFFE8 
           PR00L_bit               000FFFE8 
    -------------------------------------------------------------------------
NEAR_A
  Relative segment, address: 000FFFEC - 000FFFED (0x2 bytes), align: 0
  Segment part 10. ROOT.      Intra module refs:   LCD_SPI_Open
                                                   R_CSI21_Create (r_cg_serial)
           ENTRY                   ADDRESS         REF BY
           =====                   =======         ======
           _A_PR10                 000FFFEC 
           LOCAL                   ADDRESS         
           =====                   =======         
           PR10                    000FFFEC 
           PR10H                   000FFFED 
           PR10H_bit               000FFFED 
           PR10L                   000FFFEC 
           PR10L_bit               000FFFEC 
    -------------------------------------------------------------------------
NEAR_A
  Relative segment, address: 000F00F0 - 000F00F0 (0x1 bytes), align: 0
  Segment part 11. ROOT.      Intra module refs:   LCD_SPI_Open
                                                   R_ADC_Create (r_cg_adc)
                                                   R_IT_Create (r_cg_it)
                                                   R_SAU1_Create (r_cg_serial)
                                                   R_TAU0_Create (r_cg_timer)
                                                   TMR_TickInit (bsp)
           ENTRY                   ADDRESS         REF BY
           =====                   =======         ======
           _A_PER0                 000F00F0 
           LOCAL                   ADDRESS         
           =====                   =======         
           PER0                    000F00F0 
           PER0_bit                000F00F0 
    -------------------------------------------------------------------------
NEAR_A
  Relative segment, address: 000F0142 - 000F0143 (0x2 bytes), align: 0
  Segment part 12. ROOT.      Intra module refs:   LCD_SPI_CommandSend
                                                   LCD_SPI_DataSend
                                                   r_csi21_interrupt (r_cg_serial_user)
           ENTRY                   ADDRESS         REF BY
           =====                   =======         ======
           _A_SSR11                000F0142 
           LOCAL                   ADDRESS         
           =====                   =======         
           SSR11                   000F0142 
           SSR11L                  000F0142 
           SSR11L_bit              000F0142 
           SSR11_bit               000F0142 
    -------------------------------------------------------------------------
NEAR_A
  Relative segment, address: 000F014A - 000F014B (0x2 bytes), align: 0
  Segment part 13. ROOT.      Intra module refs:   LCD_SPI_Open
                                                   R_CSI21_Create (r_cg_serial)
                                                   r_csi21_interrupt (r_cg_serial_user)
           ENTRY                   ADDRESS         REF BY
           =====                   =======         ======
           _A_SIR11                000F014A 
           LOCAL                   ADDRESS         
           =====                   =======         
           SIR11                   000F014A 
           SIR11L                  000F014A 
           SIR11L_bit              000F014A 
           SIR11_bit               000F014A 
    -------------------------------------------------------------------------
NEAR_A
  Relative segment, address: 000F0152 - 000F0153 (0x2 bytes), align: 0
  Segment part 14. ROOT.      Intra module refs:   LCD_SPI_Open
                                                   R_CSI21_Create (r_cg_serial)
           ENTRY                   ADDRESS         REF BY
           =====                   =======         ======
           _A_SMR11                000F0152 
           LOCAL                   ADDRESS         
           =====                   =======         
           SMR11                   000F0152 
           SMR11_bit               000F0152 
    -------------------------------------------------------------------------
NEAR_A
  Relative segment, address: 000F015A - 000F015B (0x2 bytes), align: 0
  Segment part 15. ROOT.      Intra module refs:   LCD_SPI_Open
                                                   R_CSI21_Create (r_cg_serial)
           ENTRY                   ADDRESS         REF BY
           =====                   =======         ======
           _A_SCR11                000F015A 
           LOCAL                   ADDRESS         
           =====                   =======         
           SCR11                   000F015A 
           SCR11_bit               000F015A 
    -------------------------------------------------------------------------
NEAR_A
  Relative segment, address: 000F0162 - 000F0163 (0x2 bytes), align: 0
  Segment part 16. ROOT.      Intra module refs:   LCD_SPI_Open
           ENTRY                   ADDRESS         REF BY
           =====                   =======         ======
           _A_SS1                  000F0162 
           LOCAL                   ADDRESS         
           =====                   =======         
           SS1                     000F0162 
           SS1L                    000F0162 
           SS1L_bit                000F0162 
    -------------------------------------------------------------------------
NEAR_A
  Relative segment, address: 000F0164 - 000F0165 (0x2 bytes), align: 0
  Segment part 17. ROOT.      Intra module refs:   LCD_SPI_Open
                                                   R_CSI21_Create (r_cg_serial)
           ENTRY                   ADDRESS         REF BY
           =====                   =======         ======
           _A_ST1                  000F0164 
           LOCAL                   ADDRESS         
           =====                   =======         
           ST1                     000F0164 
           ST1L                    000F0164 
           ST1L_bit                000F0164 
    -------------------------------------------------------------------------
NEAR_A
  Relative segment, address: 000F0166 - 000F0167 (0x2 bytes), align: 0
  Segment part 18. ROOT.      Intra module refs:   LCD_SPI_Open
                                                   R_SAU1_Create (r_cg_serial)
           ENTRY                   ADDRESS         REF BY
           =====                   =======         ======
           _A_SPS1                 000F0166 
           LOCAL                   ADDRESS         
           =====                   =======         
           SPS1                    000F0166 
           SPS1L                   000F0166 
           SPS1L_bit               000F0166 
           SPS1_bit                000F0166 
    -------------------------------------------------------------------------
NEAR_A
  Relative segment, address: 000F0168 - 000F0169 (0x2 bytes), align: 0
  Segment part 19. ROOT.      Intra module refs:   LCD_SPI_Open
                                                   R_CSI21_Create (r_cg_serial)
           ENTRY                   ADDRESS         REF BY
           =====                   =======         ======
           _A_SO1                  000F0168 
           LOCAL                   ADDRESS         
           =====                   =======         
           SO1                     000F0168 
           SO1_bit                 000F0168 
    -------------------------------------------------------------------------
NEAR_A
  Relative segment, address: 000F016A - 000F016B (0x2 bytes), align: 0
  Segment part 20. ROOT.      Intra module refs:   LCD_SPI_Open
                                                   R_CSI21_Create (r_cg_serial)
           ENTRY                   ADDRESS         REF BY
           =====                   =======         ======
           _A_SOE1                 000F016A 
           LOCAL                   ADDRESS         
           =====                   =======         
           SOE1                    000F016A 
           SOE1L                   000F016A 
           SOE1L_bit               000F016A 
    -------------------------------------------------------------------------
CODE
  Relative segment, address: 00005050 - 00005106 (0xb7 bytes), align: 0
  Segment part 22.
           ENTRY                   ADDRESS         REF BY
           =====                   =======         ======
           LCD_SPI_Open            00005050        GlyphCommOpen (glyph_register)
               CSTACK = 00000000 ( 00000006 )
    -------------------------------------------------------------------------
CODE
  Relative segment, address: 00005107 - 00005119 (0x13 bytes), align: 0
  Segment part 23.            Intra module refs:   LCD_SPI_Open
           LOCAL                   ADDRESS         
           =====                   =======         
           ?Subroutine0            00005107 
    -------------------------------------------------------------------------
CODE
  Relative segment, address: 0000511A - 0000513E (0x25 bytes), align: 0
  Segment part 24.
           ENTRY                   ADDRESS         REF BY
           =====                   =======         ======
           LCD_SPI_CommandSend     0000511A        GlyphCommOpen (glyph_register)
               CSTACK = 00000000 ( 00000002 )
    -------------------------------------------------------------------------
CODE
  Relative segment, address: 0000513F - 0000514C (0xe bytes), align: 0
  Segment part 25.
           ENTRY                   ADDRESS         REF BY
           =====                   =======         ======
           LCD_SPI_DataSend        0000513F        GlyphCommOpen (glyph_register)
    -------------------------------------------------------------------------
CODE
  Relative segment, address: 0000514D - 00005155 (0x9 bytes), align: 0
  Segment part 26.            Intra module refs:   LCD_SPI_CommandSend
                                                   LCD_SPI_DataSend
           LOCAL                   ADDRESS         
           =====                   =======         
           ?Subroutine1            0000514D 

    *************************************************************************

  FILE NAME : C:\Users\Alex\Documents\Teaching\ESD\2014 Spring\Projects\Project2\uCOS-III-LCD-G14\Software\EvalBoards\Renesas\YRDKRL78G14\IAR\Application\Debug\Obj\app.r87
  PROGRAM MODULE, NAME : app

  SEGMENTS IN THE MODULE
  ======================
NEAR_Z
  Relative segment, address: 000FA700 - 000FA747 (0x48 bytes), align: 1
  Segment part 11.            Intra module refs:   ucosIII_main
           LOCAL                   ADDRESS         
           =====                   =======         
           App_TaskStart_TCB       000FA700 
    -------------------------------------------------------------------------
NEAR_Z
  Relative segment, address: 000FA748 - 000FA78F (0x48 bytes), align: 1
  Segment part 12.            Intra module refs:   App_TaskStart
           LOCAL                   ADDRESS         
           =====                   =======         
           App_Task1_TCB           000FA748 
    -------------------------------------------------------------------------
NEAR_Z
  Relative segment, address: 000FA790 - 000FA7A3 (0x14 bytes), align: 1
  Segment part 13.            Intra module refs:   App_TaskStart
           LOCAL                   ADDRESS         
           =====                   =======         
           App_Mutex               000FA790 
    -------------------------------------------------------------------------
NEAR_Z
  Relative segment, address: 000FA7A4 - 000FA7B7 (0x14 bytes), align: 1
  Segment part 14.            Intra module refs:   App_TaskStart
           LOCAL                   ADDRESS         
           =====                   =======         
           App_Sem                 000FA7A4 
    -------------------------------------------------------------------------
NEAR_Z
  Relative segment, address: 000FA7B8 - 000FA7CD (0x16 bytes), align: 1
  Segment part 15.            Intra module refs:   App_Task1
                                                   App_TaskStart
           LOCAL                   ADDRESS         
           =====                   =======         
           App_Q                   000FA7B8 
    -------------------------------------------------------------------------
NEAR_Z
  Relative segment, address: 000FA7CE - 000FA8CD (0x100 bytes), align: 1
  Segment part 16.            Intra module refs:   ucosIII_main
           LOCAL                   ADDRESS         
           =====                   =======         
           App_TaskStart_Stk       000FA7CE 
    -------------------------------------------------------------------------
NEAR_Z
  Relative segment, address: 000FA8CE - 000FA9CD (0x100 bytes), align: 1
  Segment part 17.            Intra module refs:   App_TaskStart
           LOCAL                   ADDRESS         
           =====                   =======         
           App_Task1_Stk           000FA8CE 
    -------------------------------------------------------------------------
NEAR_Z
  Relative segment, address: 000FA9CE - 000FA9CF (0x2 bytes), align: 1
  Segment part 18.            Intra module refs:   App_Task1
                                                   App_TaskStart
           LOCAL                   ADDRESS         
           =====                   =======         
           G_lcd                   000FA9CE 
    -------------------------------------------------------------------------
CODE
  Relative segment, address: 00005156 - 00005196 (0x41 bytes), align: 0
  Segment part 19.
           ENTRY                   ADDRESS         REF BY
           =====                   =======         ======
           ucosIII_main            00005156        main (r_main)
               calls direct
               CSTACK = 00000000 ( 0000001C )
    -------------------------------------------------------------------------
CODE
  Relative segment, address: 00005197 - 000052AF (0x119 bytes), align: 0
  Segment part 20.            Intra module refs:   ucosIII_main
           LOCAL                   ADDRESS         
           =====                   =======         
           App_TaskStart           00005197 
               calls direct
               CSTACK = 00000000 ( 00000020 )
    -------------------------------------------------------------------------
CODE
  Relative segment, address: 000052B0 - 0000532C (0x7d bytes), align: 0
  Segment part 21.            Intra module refs:   App_TaskStart
           LOCAL                   ADDRESS         
           =====                   =======         
           App_Task1               000052B0 
               calls direct
               CSTACK = 00000000 ( 00000022 )
    -------------------------------------------------------------------------
NEAR_CONST
  Relative segment, address: 000F3000 - 000F3005 (0x6 bytes), align: 1
  Segment part 2.             Intra module refs:   ucosIII_main
    -------------------------------------------------------------------------
NEAR_CONST
  Relative segment, address: 000F3006 - 000F3011 (0xc bytes), align: 1
  Segment part 3.             Intra module refs:   App_TaskStart
    -------------------------------------------------------------------------
NEAR_CONST
  Relative segment, address: 000F3012 - 000F3019 (0x8 bytes), align: 1
  Segment part 4.             Intra module refs:   App_TaskStart
    -------------------------------------------------------------------------
NEAR_CONST
  Relative segment, address: 000F301A - 000F3023 (0xa bytes), align: 1
  Segment part 5.             Intra module refs:   App_TaskStart
    -------------------------------------------------------------------------
NEAR_CONST
  Relative segment, address: 000F3024 - 000F3029 (0x6 bytes), align: 1
  Segment part 6.             Intra module refs:   App_TaskStart
    -------------------------------------------------------------------------
NEAR_CONST
  Relative segment, address: 000F302A - 000F3035 (0xc bytes), align: 1
  Segment part 7.             Intra module refs:   App_TaskStart
    -------------------------------------------------------------------------
NEAR_CONST
  Relative segment, address: 000F3036 - 000F3043 (0xe bytes), align: 1
  Segment part 8.             Intra module refs:   App_TaskStart
    -------------------------------------------------------------------------
NEAR_CONST
  Relative segment, address: 000F3044 - 000F3051 (0xe bytes), align: 1
  Segment part 9.             Intra module refs:   App_TaskStart
    -------------------------------------------------------------------------
NEAR_CONST
  Relative segment, address: 000F3052 - 000F3057 (0x6 bytes), align: 1
  Segment part 10.            Intra module refs:   App_Task1
    -------------------------------------------------------------------------
NEAR_CONST_ID
  Relative segment, address: 00003000 - 00003005 (0x6 bytes), align: 1
  Segment part 22.            Intra module refs:   Segment part 2
    -------------------------------------------------------------------------
NEAR_CONST_ID
  Relative segment, address: 00003006 - 00003011 (0xc bytes), align: 1
  Segment part 23.            Intra module refs:   Segment part 3
    -------------------------------------------------------------------------
NEAR_CONST_ID
  Relative segment, address: 00003012 - 00003019 (0x8 bytes), align: 1
  Segment part 24.            Intra module refs:   Segment part 4
    -------------------------------------------------------------------------
NEAR_CONST_ID
  Relative segment, address: 0000301A - 00003023 (0xa bytes), align: 1
  Segment part 25.            Intra module refs:   Segment part 5
    -------------------------------------------------------------------------
NEAR_CONST_ID
  Relative segment, address: 00003024 - 00003029 (0x6 bytes), align: 1
  Segment part 26.            Intra module refs:   Segment part 6
    -------------------------------------------------------------------------
NEAR_CONST_ID
  Relative segment, address: 0000302A - 00003035 (0xc bytes), align: 1
  Segment part 27.            Intra module refs:   Segment part 7
    -------------------------------------------------------------------------
NEAR_CONST_ID
  Relative segment, address: 00003036 - 00003043 (0xe bytes), align: 1
  Segment part 28.            Intra module refs:   Segment part 8
    -------------------------------------------------------------------------
NEAR_CONST_ID
  Relative segment, address: 00003044 - 00003051 (0xe bytes), align: 1
  Segment part 29.            Intra module refs:   Segment part 9
    -------------------------------------------------------------------------
NEAR_CONST_ID
  Relative segment, address: 00003052 - 00003057 (0x6 bytes), align: 1
  Segment part 30.            Intra module refs:   Segment part 10

    *************************************************************************

  FILE NAME : C:\Users\Alex\Documents\Teaching\ESD\2014 Spring\Projects\Project2\uCOS-III-LCD-G14\Software\EvalBoards\Renesas\YRDKRL78G14\IAR\Application\Debug\Obj\bitmap_font.r87
    *************************************************************************

  FILE NAME : C:\Users\Alex\Documents\Teaching\ESD\2014 Spring\Projects\Project2\uCOS-III-LCD-G14\Software\EvalBoards\Renesas\YRDKRL78G14\IAR\Application\Debug\Obj\bsp.r87
  PROGRAM MODULE, NAME : bsp

  SEGMENTS IN THE MODULE
  ======================
SADDR_A
  Relative segment, address: 000FFF05 - 000FFF05 (0x1 bytes), align: 0
  Segment part 1. ROOT.       Intra module refs:   BSP_LED_Off
                                                   BSP_LED_On
                                                   BSP_LED_Toggle
           ENTRY                   ADDRESS         REF BY
           =====                   =======         ======
           _A_P5                   000FFF05 
           LOCAL                   ADDRESS         
           =====                   =======         
           P5                      000FFF05 
           P5_bit                  000FFF05 
    -------------------------------------------------------------------------
SADDR_A
  Relative segment, address: 000FFF06 - 000FFF06 (0x1 bytes), align: 0
  Segment part 2. ROOT.       Intra module refs:   BSP_LED_Off
                                                   BSP_LED_On
                                                   BSP_LED_Toggle
                                                   R_PORT_Create (r_cg_port)
           ENTRY                   ADDRESS         REF BY
           =====                   =======         ======
           _A_P6                   000FFF06 
           LOCAL                   ADDRESS         
           =====                   =======         
           P6                      000FFF06 
           P6_bit                  000FFF06 
    -------------------------------------------------------------------------
SADDR_A
  Relative segment, address: 000FFF18 - 000FFF19 (0x2 bytes), align: 0
  Segment part 3. ROOT.       Intra module refs:   R_TAU0_Create (r_cg_timer)
                                                   TMR_TickInit
           ENTRY                   ADDRESS         REF BY
           =====                   =======         ======
           _A_TDR00                000FFF18 
           LOCAL                   ADDRESS         
           =====                   =======         
           TDR00                   000FFF18 
           TDR00_bit               000FFF18 
    -------------------------------------------------------------------------
NEAR_A
  Relative segment, address: 000FFFE2 - 000FFFE3 (0x2 bytes), align: 0
  Segment part 4. ROOT.       Intra module refs:   R_ADC_Create (r_cg_adc)
                                                   R_IT_Create (r_cg_it)
                                                   R_TAU0_Create (r_cg_timer)
                                                   TMR_TickInit
           ENTRY                   ADDRESS         REF BY
           =====                   =======         ======
           _A_IF1                  000FFFE2 
           LOCAL                   ADDRESS         
           =====                   =======         
           IF1                     000FFFE2 
           IF1H                    000FFFE3 
           IF1H_bit                000FFFE3 
           IF1L                    000FFFE2 
           IF1L_bit                000FFFE2 
    -------------------------------------------------------------------------
NEAR_A
  Relative segment, address: 000FFFE6 - 000FFFE7 (0x2 bytes), align: 0
  Segment part 5. ROOT.       Intra module refs:   R_ADC_Create (r_cg_adc)
                                                   R_IT_Create (r_cg_it)
                                                   R_TAU0_Create (r_cg_timer)
                                                   TMR_TickInit
           ENTRY                   ADDRESS         REF BY
           =====                   =======         ======
           _A_MK1                  000FFFE6 
           LOCAL                   ADDRESS         
           =====                   =======         
           MK1                     000FFFE6 
           MK1H                    000FFFE7 
           MK1H_bit                000FFFE7 
           MK1L                    000FFFE6 
           MK1L_bit                000FFFE6 
    -------------------------------------------------------------------------
NEAR_A
  Relative segment, address: 000FFFEA - 000FFFEB (0x2 bytes), align: 0
  Segment part 6. ROOT.       Intra module refs:   R_ADC_Create (r_cg_adc)
                                                   R_IT_Create (r_cg_it)
                                                   TMR_TickInit
           ENTRY                   ADDRESS         REF BY
           =====                   =======         ======
           _A_PR01                 000FFFEA 
           LOCAL                   ADDRESS         
           =====                   =======         
           PR01                    000FFFEA 
           PR01H                   000FFFEB 
           PR01H_bit               000FFFEB 
           PR01L                   000FFFEA 
           PR01L_bit               000FFFEA 
    -------------------------------------------------------------------------
NEAR_A
  Relative segment, address: 000FFFEE - 000FFFEF (0x2 bytes), align: 0
  Segment part 7. ROOT.       Intra module refs:   R_ADC_Create (r_cg_adc)
                                                   R_IT_Create (r_cg_it)
                                                   TMR_TickInit
           ENTRY                   ADDRESS         REF BY
           =====                   =======         ======
           _A_PR11                 000FFFEE 
           LOCAL                   ADDRESS         
           =====                   =======         
           PR11                    000FFFEE 
           PR11H                   000FFFEF 
           PR11H_bit               000FFFEF 
           PR11L                   000FFFEE 
           PR11L_bit               000FFFEE 
    -------------------------------------------------------------------------
NEAR_A
  Relative segment, address: 000F0190 - 000F0191 (0x2 bytes), align: 0
  Segment part 9. ROOT.       Intra module refs:   R_TAU0_Create (r_cg_timer)
                                                   TMR_TickInit
           ENTRY                   ADDRESS         REF BY
           =====                   =======         ======
           _A_TMR00                000F0190 
           LOCAL                   ADDRESS         
           =====                   =======         
           TMR00                   000F0190 
           TMR00_bit               000F0190 
    -------------------------------------------------------------------------
NEAR_A
  Relative segment, address: 000F01B2 - 000F01B3 (0x2 bytes), align: 0
  Segment part 10. ROOT.      Intra module refs:   TMR_TickInit
           ENTRY                   ADDRESS         REF BY
           =====                   =======         ======
           _A_TS0                  000F01B2 
           LOCAL                   ADDRESS         
           =====                   =======         
           TS0                     000F01B2 
           TS0L                    000F01B2 
           TS0L_bit                000F01B2 
    -------------------------------------------------------------------------
NEAR_A
[...]
                                                   __iar_Dunscale (?xdunscal)
               CSTACK = 00000000 ( 0000000A )

    -------------------------------------------------------------------------
  LIBRARY MODULE, NAME : ?xdscale

  SEGMENTS IN THE MODULE
  ======================
CODE
  Relative segment, address: 00007488 - 0000763E (0x1b7 bytes), align: 0
  Segment part 2.
           ENTRY                   ADDRESS         REF BY
           =====                   =======         ======
           __iar_Dscale            00007488        fmod (?fmod)
               calls direct
               CSTACK = 00000004 ( 00000010 )
    -------------------------------------------------------------------------
CODE
  Relative segment, address: 0000763F - 00007647 (0x9 bytes), align: 0
  Segment part 3.             Intra module refs:   __iar_Dscale

    -------------------------------------------------------------------------
  LIBRARY MODULE, NAME : ?xdtest

  SEGMENTS IN THE MODULE
  ======================
CODE
  Relative segment, address: 00007648 - 00007678 (0x31 bytes), align: 0
  Segment part 2.
           ENTRY                   ADDRESS         REF BY
           =====                   =======         ======
           __iar_Dtest             00007648        __iar_Sin (?xsin)
                                                   fmod (?fmod)
               CSTACK = 00000000 ( 00000002 )

    -------------------------------------------------------------------------
  LIBRARY MODULE, NAME : ?xdunscal

  SEGMENTS IN THE MODULE
  ======================
CODE
  Relative segment, address: 00007679 - 000076CE (0x56 bytes), align: 0
  Segment part 2.
           ENTRY                   ADDRESS         REF BY
           =====                   =======         ======
           __iar_Dunscale          00007679        fmod (?fmod)
               calls direct
               CSTACK = 00000000 ( 00000006 )

    -------------------------------------------------------------------------
  LIBRARY MODULE, NAME : ?xgetmemchunk

  SEGMENTS IN THE MODULE
  ======================
CODE
  Relative segment, address: 000076CF - 000076EC (0x1e bytes), align: 0
  Segment part 4.
           ENTRY                   ADDRESS         REF BY
           =====                   =======         ======
           __near_GetMemChunk      000076CF        __near_findmem (?xxmemxmalloc)
    -------------------------------------------------------------------------
NEAR_Z
  Relative segment, address: 000FADAE - 000FADAF (0x2 bytes), align: 1
  Segment part 2.             Intra module refs:   __near_GetMemChunk
    -------------------------------------------------------------------------
NEAR_HEAP
  Relative segment, address: 000FADBC, align: 1
  Segment part 9.

    -------------------------------------------------------------------------
  LIBRARY MODULE, NAME : ?xprintfsmall

  SEGMENTS IN THE MODULE
  ======================
CODE
  Relative segment, address: 000076ED - 00007AC4 (0x3d8 bytes), align: 0
  Segment part 4.
           ENTRY                   ADDRESS         REF BY
           =====                   =======         ======
           _PrintfSmall            000076ED        sprintf (?sprintf)
                                                   vsprintf (?vsprintf)
               calls direct
               CSTACK = 00000002 ( 0000003E )
    -------------------------------------------------------------------------
CODE
  Relative segment, address: 00007AC5 - 00007AC9 (0x5 bytes), align: 0
  Segment part 5.             Intra module refs:   _PrintfSmall
                                                   _PutcharsSmall
                                                   pad
    -------------------------------------------------------------------------
CODE
  Relative segment, address: 00007ACA - 00007ACF (0x6 bytes), align: 0
  Segment part 6.             Intra module refs:   _PrintfSmall
    -------------------------------------------------------------------------
CODE
  Relative segment, address: 00007AD0 - 00007AD5 (0x6 bytes), align: 0
  Segment part 7.             Intra module refs:   _PrintfSmall
    -------------------------------------------------------------------------
CODE
  Relative segment, address: 00007AD6 - 00007B15 (0x40 bytes), align: 0
  Segment part 8.             Intra module refs:   _PrintfSmall
           LOCAL                   ADDRESS         
           =====                   =======         
           LoadInt                 00007AD6 
               CSTACK = 00000000 ( 00000002 )
    -------------------------------------------------------------------------
CODE
  Relative segment, address: 00007B16 - 00007B1C (0x7 bytes), align: 0
  Segment part 9.             Intra module refs:   LoadInt
    -------------------------------------------------------------------------
CODE
  Relative segment, address: 00007B1D - 00007B4C (0x30 bytes), align: 0
  Segment part 10.            Intra module refs:   _PrintfSmall
           LOCAL                   ADDRESS         
           =====                   =======         
           pad                     00007B1D 
               calls direct
               CSTACK = 00000002 ( 0000000A )
    -------------------------------------------------------------------------
CODE
  Relative segment, address: 00007B4D - 00007CCC (0x180 bytes), align: 0
  Segment part 11.            Intra module refs:   _PrintfSmall
           LOCAL                   ADDRESS         
           =====                   =======         
           _LitobSmall             00007B4D 
               CSTACK = 00000000 ( 0000001A )
    -------------------------------------------------------------------------
CODE
  Relative segment, address: 00007CCD - 00007CD1 (0x5 bytes), align: 0
  Segment part 12.            Intra module refs:   _LitobSmall
                                                   _PrintfSmall
    -------------------------------------------------------------------------
CODE
  Relative segment, address: 00007CD2 - 00007CF5 (0x24 bytes), align: 0
  Segment part 13.            Intra module refs:   _PrintfSmall
                                                   _PutcharsSmall
           LOCAL                   ADDRESS         
           =====                   =======         
           _PutcharSmall           00007CD2 
               calls indirect
               CSTACK = 00000000 ( 00000004 )
    -------------------------------------------------------------------------
CODE
  Relative segment, address: 00007CF6 - 00007D23 (0x2e bytes), align: 0
  Segment part 14.            Intra module refs:   _PrintfSmall
                                                   pad
           LOCAL                   ADDRESS         
           =====                   =======         
           _PutcharsSmall          00007CF6 
               calls direct
               CSTACK = 00000002 ( 00000006 )
    -------------------------------------------------------------------------
NEAR_ID
  Relative segment, address: 00008212 - 00008219 (0x8 bytes), align: 1
  Segment part 3.             Intra module refs:   Segment part 2
    -------------------------------------------------------------------------
NEAR_I
  Relative segment, address: 000F9F00 - 000F9F07 (0x8 bytes), align: 1
  Segment part 2.             Intra module refs:   _PrintfSmall

    -------------------------------------------------------------------------
  LIBRARY MODULE, NAME : ?xquad

  SEGMENTS IN THE MODULE
  ======================
CODE
  Relative segment, address: 00007D24 - 00007E57 (0x134 bytes), align: 0
  Segment part 2.
           ENTRY                   ADDRESS         REF BY
           =====                   =======         ======
           __iar_Quad              00007D24        __iar_Sin (?xsin)
               calls direct
               CSTACK = 00000000 ( 00000022 )

    -------------------------------------------------------------------------
  LIBRARY MODULE, NAME : ?xsin

  SEGMENTS IN THE MODULE
  ======================
CODE
  Relative segment, address: 00007E58 - 00007FB0 (0x159 bytes), align: 0
  Segment part 2.
           ENTRY                   ADDRESS         REF BY
           =====                   =======         ======
           __iar_Sin               00007E58        LCDTest2 (lcd)
               calls direct
               CSTACK = 00000000 ( 00000022 )

    -------------------------------------------------------------------------
  LIBRARY MODULE, NAME : ?xsprout

  SEGMENTS IN THE MODULE
  ======================
CODE
  Relative segment, address: 00007FB1 - 00007FBC (0xc bytes), align: 0
  Segment part 2.
           ENTRY                   ADDRESS         REF BY
           =====                   =======         ======
           _SProut                 00007FB1        sprintf (?sprintf)
                                                   vsprintf (?vsprintf)
               CSTACK = 00000000 ( 00000002 )

    -------------------------------------------------------------------------
  LIBRARY MODULE, NAME : ?xxmemxfree

  SEGMENTS IN THE MODULE
  ======================
CODE
  Relative segment, address: 00007FBD - 0000807B (0xbf bytes), align: 0
  Segment part 2.
           ENTRY                   ADDRESS         REF BY
           =====                   =======         ======
           __near_free             00007FBD        __near_findmem (?xxmemxmalloc)
               CSTACK = 00000000 ( 0000000A )

    -------------------------------------------------------------------------
  LIBRARY MODULE, NAME : ?xxmemxmalloc

  SEGMENTS IN THE MODULE
  ======================
NEAR_Z
  Relative segment, address: 000FADB0 - 000FADB3 (0x4 bytes), align: 1
  Segment part 2.             Intra module refs:   __near_findmem
                                                   __near_malloc
           ENTRY                   ADDRESS         REF BY
           =====                   =======         ======
           __near_Aldata           000FADB0        __near_free (?xxmemxfree)
    -------------------------------------------------------------------------
CODE
  Relative segment, address: 0000807C - 000080DE (0x63 bytes), align: 0
  Segment part 4.             Intra module refs:   __near_malloc
           LOCAL                   ADDRESS         
           =====                   =======         
           __near_findmem          0000807C 
               calls direct
               CSTACK = 00000000 ( 00000006 )
    -------------------------------------------------------------------------
CODE
  Relative segment, address: 000080DF - 00008160 (0x82 bytes), align: 0
  Segment part 8.
           ENTRY                   ADDRESS         REF BY
           =====                   =======         ======
           __near_malloc           000080DF        malloc (glyph)
               calls direct
               CSTACK = 00000000 ( 00000008 )
    -------------------------------------------------------------------------
CODE
  Relative segment, address: 00008161 - 00008169 (0x9 bytes), align: 0
  Segment part 12.            Intra module refs:   __near_malloc




                ****************************************
                *                                      *
                *            MODULE SUMMARY            *
                *                                      *
                ****************************************

Module                     CODE      DATA       CONST
------                     ----      ----       -----
                          (Rel)   (Rel)  (Abs)  (Rel)
?CHAR_SSWITCH_L10            23
?CSTARTUP                    47
  + common                    2
?FCMP_GE                     72
?FCMP_LT                     77
?FLOAT_2_SIGNED_LONG        107
?FLOAT_ADD_SUB              604
?FLOAT_MUL                  341
?FLOAT_NEG_L04               41
?FUNCTION_LEAVE_L06          50
?INT_LSH_L02                 12
?LONG_FLOAT_DEALLOC_L06      23
?LONG_MUL_FAST_L03           35
?LONG_NEG_L03                31
?LONG_SSWITCH_L10            54
?MOVE_LONG_OBJECT_L06        50
?SIGNED_LONG_2_FLOAT         85
?SINT_CMP_L02                12
?SLONG_CMP_L03               51
?SUBN_ARG                    11
?UCHAR_DIVUW_L01            101
?UCHAR_DIV_MOD_L01           38
?UINT_RSH_L02                13
?ULONG_CMP_L03               29
?WRKSEG_DEFINE_L09                    9
?__INIT_NEAR_I               26
?__INIT_NEAR_Z               19
?__INIT_WRKSEG               11
?__MAIN_CALL                  6
?__dbg_break                  3
?__exit                      16
?_exit                        5
?errno                                2
?exit                         3
?fmod                       346
?memchr                      21
?sprintf                     55
?strchr                      16
?strlen                      14
?vsprintf                    42
?xdint                      175
?xdnorm                      90
?xdscale                    448
?xdtest                      49
?xdunscal                    86
?xgetmemchunk                30       2
?xprintfsmall             1 591       8             8
?xquad                      308
?xsin                       345
?xsprout                     12
?xxmemxfree                 191
?xxmemxmalloc               238       4
RDKRL78_spi
  + shared                                   2
ST7579_LCD                2 460                   168
YRDKRL78_SPI                262
  + shared                                  32
app                         471     808            88
bsp                         355              5
  + shared                                  21
cpu_bsp                       4
cpu_core                    366     300           256
font_8x8                          3 072         3 072
font_logos                          674           674
font_x5x7                         1 528         1 528
glyph                       444
glyph_register              130
lcd                         898     124           122
lib_mem                     141
os_cfg_app                    1     735            27
os_core                   1 551      20            20
os_cpu_a                    119
  + common                  128
os_cpu_c                    112
os_msg                      260
os_mutex                     79
os_prio                      94       2
os_q                        282
os_sem                       89
os_task                     877       6             6
os_tick                   1 101      20            20
os_time                     352
os_var                              231
r_cg_adc                     89             14
  + shared                                   3
r_cg_adc_user                 2
  + common                   54
r_cg_cgc                     42              4
r_cg_it                      26              2
r_cg_it_user                  2
  + common                   58
r_cg_port                    44              8
r_cg_serial                  93       6
r_cg_serial_user             69       2
  + common                   24
r_cg_timer                   75              2
r_main                       28          1 024
r_systeminit                 47              5
N/A (command line)                  640
N/A (alignment)                  -5 811             1
----------               ------   -----  -----  -----
Total:                   17 018   2 382  1 122  5 990
  + common                  128


                ****************************************
                *                                      *
                *      SEGMENTS IN ADDRESS ORDER       *
                *                                      *
                ****************************************


SEGMENT              SPACE    START ADDRESS   END ADDRESS     SIZE  TYPE  ALIGN
=======              =====    =============   ===========     ====  ====  =====
__aseg                                  00000000                     rel    0
INTVEC                             00000000 - 0000007F          80   com    1
OPTBYTE                            000000C0 - 000000C3           4   rel    0
SECUID                             000000C4 - 000000CD           A   rel    1
RCODE                              000000D8 - 0000088D         7B6   rel    0
NEAR_CONST_ID                      00003000 - 000046B3        16B4   rel    1
CODE                               000046B4 - 00008169        3AB6   rel    0
SWITCH                             0000816A - 00008211          A8   rel    1
NEAR_ID                            00008212 - 0000821B           A   rel    1
NEAR_A                             000F0010 - 000F0012           3   rel    0
                                   000F0060 - 000F0060           1 
                                   000F006A - 000F006A           1 
                                   000F006C - 000F006C           1 
                                   000F006E - 000F006E           1 
                                   000F0076 - 000F0079           4 
                                   000F007B - 000F007B           1 
                                   000F00F0 - 000F00F0           1 
                                   000F00F3 - 000F00F3           1 
                                   000F0142 - 000F0143           2 
                                   000F014A - 000F014B           2 
                                   000F0152 - 000F0153           2 
                                   000F015A - 000F015B           2 
                                   000F0162 - 000F016B           A 
                                   000F0190 - 000F0191           2 
                                   000F01B2 - 000F01BF           E 
                                   000F02F0 - 000F02F0           1 
NEAR_CONST                         000F3000 - 000F46B3        16B4   rel    1
NEAR_I                             000F9F00 - 000F9F09           A   rel    1
NEAR_A                             000FA300 - 000FA6FF         400   rel    0
NEAR_Z                             000FA700 - 000FADBA         6BB   rel    1
FAR_Z                                   000FADBB                     rel    0
NEAR_HEAP                          000FADBC - 000FAE3B          80   rel    1
CSTACK                             000FAE3C - 000FB03B         200   rel    1
WRKSEG                             000FFE20 - 000FFE28           9   rel    1
SADDR_A                            000FFF00 - 000FFF01           2   rel    0
                                   000FFF05 - 000FFF07           3 
                                   000FFF0A - 000FFF0A           1 
                                   000FFF0D - 000FFF0F           3 
                                   000FFF18 - 000FFF19           2 
                                   000FFF1E - 000FFF1F           2 
NEAR_A                             000FFF20 - 000FFF22           3   rel    0
                                   000FFF24 - 000FFF24           1 
                                   000FFF26 - 000FFF27           2 
                                   000FFF2A - 000FFF2A           1 
                                   000FFF2C - 000FFF2C           1 
                                   000FFF2E - 000FFF32           5 
                                   000FFF4A - 000FFF4B           2 
                                   000FFF90 - 000FFF91           2 
                                   000FFFA0 - 000FFFA1           2 
                                   000FFFA4 - 000FFFA4           1 
NEAR_A                             000FFFE0 - 000FFFEF          10   rel    0

                ****************************************
                *                                      *
                *        END OF CROSS REFERENCE        *
                *                                      *
                ****************************************

 17 146 bytes of CODE  memory
  2 382 bytes of DATA  memory (+ 1 122 absolute )
  5 990 bytes of CONST memory

Errors: none
Warnings: none

